
> backend@0.0.1 build
> nest build

node.exe : [96msrc/inventar
iocore/InventarioCore.repo.t
s[0m:[93m1[0m:[93m15[0m
 - [91merror[0m[90m 
TS1149: [0mFile name 'D:/in
ventario/backend/src/inventa
riocore/inventariocore.repo.
ts' differs from already 
included file name 'D:/inven
tario/backend/src/inventario
core/InventarioCore.repo.ts'
 only in casing.
En línea: 1 Carácter: 1
+ & "C:\Program 
Files\nodejs/node.exe" 
"C:\Program 
Files\nodejs/node_mo ...
+ ~~~~~~~~~~~~~~~~~~~~~~~~~~
~~~~~~~~~~~~~~~~~~~~~~~~~~~~
~~~~~~~~~~~~~~~
    + CategoryInfo          
    : NotSpecified: ([96m  
  src/invent...only in ca   
 sing.:String) [], Remot    
eException
    + FullyQualifiedErrorId 
    : NativeCommandError
 
  The file is in the 
program because:
    Matched by default 
include pattern '**/*'
    Imported via 
'./inventariocore.repo' 
from file 'D:/inventario/bac
kend/src/inventariocore/Inve
ntarioCore.repo.ts'
    Imported via 
'./inventariocore.repo' 
from file 'D:/inventario/bac
kend/src/inventariocore/task
s.service.ts'
    Imported via 
'./inventariocore.repo' 
from file 'D:/inventario/bac
kend/src/inventariocore/kpis
.controller.ts'
    Imported via '../inventa
riocore/inventariocore.repo'
 from file 'D:/inventario/ba
ckend/src/scripts/debug_carn
et.ts'
    Imported via '../inventa
riocore/inventariocore.repo'
 from file 'D:/inventario/ba
ckend/src/scripts/list_table
s.ts'
    Imported via '../inventa
riocore/inventariocore.repo'
 from file 'D:/inventario/ba
ckend/src/scripts/verify_sof
t_delete.ts'
  File is CommonJS module 
because 'D:/inventario/backe
nd/package.json' does not 
have field "type"

[7m1[0m export * from 
'./inventariocore.repo';
[7m [0m [91m             
 ~~~~~~~~~~~~~~~~~~~~~~~[0m

  [96msrc/inventariocore/ta
sks.service.ts[0m:[93m8[0
m:[93m37[0m
    [7m8[0m import * as 
InventarioCoreRepo from 
'./inventariocore.repo';
    [7m [0m [96m         
                           
~~~~~~~~~~~~~~~~~~~~~~~[0m
    File is included via 
import here.
  [96msrc/inventariocore/kp
is.controller.ts[0m:[93m14
[0m:[93m37[0m
    [7m14[0m import * as 
InventarioCoreRepo from 
'./inventariocore.repo';
    [7m  [0m [96m        
                            
~~~~~~~~~~~~~~~~~~~~~~~[0m
    File is included via 
import here.
  [96msrc/scripts/debug_car
net.ts[0m:[93m3[0m:[93m3
7[0m
    [7m3[0m import * as 
InventarioCoreRepo from '../
inventariocore/inventariocor
e.repo';
    [7m [0m [96m         
                           ~
~~~~~~~~~~~~~~~~~~~~~~~~~~~~
~~~~~~~~~~[0m
    File is included via 
import here.
  [96msrc/scripts/list_tabl
es.ts[0m:[93m4[0m:[93m31
[0m
    [7m4[0m import { 
ejecutarQuery } from '../inv
entariocore/inventariocore.r
epo';
    [7m [0m [96m         
                     ~~~~~~~
~~~~~~~~~~~~~~~~~~~~~~~~~~~~
~~~~[0m
    File is included via 
import here.
  [96msrc/scripts/verify_so
ft_delete.ts[0m:[93m7[0m:
[93m8[0m
    [7m7[0m } from '../inv
entariocore/inventariocore.r
epo';
    [7m [0m [96m       ~~
~~~~~~~~~~~~~~~~~~~~~~~~~~~~
~~~~~~~~~[0m
    File is included via 
import here.
[96msrc/inventariocore/kpis
.controller.ts[0m:[93m14[
0m:[93m37[0m - 
[91merror[0m[90m TS1149: 
[0mFile name 'D:/inventario
/backend/src/inventariocore/
inventariocore.repo.ts' 
differs from already 
included file name 'D:/inven
tario/backend/src/inventario
core/InventarioCore.repo.ts'
 only in casing.
  The file is in the 
program because:
    Matched by default 
include pattern '**/*'
    Imported via 
'./inventariocore.repo' 
from file 'D:/inventario/bac
kend/src/inventariocore/Inve
ntarioCore.repo.ts'
    Imported via 
'./inventariocore.repo' 
from file 'D:/inventario/bac
kend/src/inventariocore/task
s.service.ts'
    Imported via 
'./inventariocore.repo' 
from file 'D:/inventario/bac
kend/src/inventariocore/kpis
.controller.ts'
    Imported via '../inventa
riocore/inventariocore.repo'
 from file 'D:/inventario/ba
ckend/src/scripts/debug_carn
et.ts'
    Imported via '../inventa
riocore/inventariocore.repo'
 from file 'D:/inventario/ba
ckend/src/scripts/list_table
s.ts'
    Imported via '../inventa
riocore/inventariocore.repo'
 from file 'D:/inventario/ba
ckend/src/scripts/verify_sof
t_delete.ts'
  File is CommonJS module 
because 'D:/inventario/backe
nd/package.json' does not 
have field "type"

[7m14[0m import * as 
InventarioCoreRepo from 
'./inventariocore.repo';
[7m  [0m [91m            
                        
~~~~~~~~~~~~~~~~~~~~~~~[0m

  [96msrc/inventariocore/In
ventarioCore.repo.ts[0m:[9
3m1[0m:[93m15[0m
    [7m1[0m export * from 
'./inventariocore.repo';
    [7m [0m [96m         
     
~~~~~~~~~~~~~~~~~~~~~~~[0m
    File is included via 
import here.
  [96msrc/inventariocore/ta
sks.service.ts[0m:[93m8[0
m:[93m37[0m
    [7m8[0m import * as 
InventarioCoreRepo from 
'./inventariocore.repo';
    [7m [0m [96m         
                           
~~~~~~~~~~~~~~~~~~~~~~~[0m
    File is included via 
import here.
  [96msrc/scripts/debug_car
net.ts[0m:[93m3[0m:[93m3
7[0m
    [7m3[0m import * as 
InventarioCoreRepo from '../
inventariocore/inventariocor
e.repo';
    [7m [0m [96m         
                           ~
~~~~~~~~~~~~~~~~~~~~~~~~~~~~
~~~~~~~~~~[0m
    File is included via 
import here.
  [96msrc/scripts/list_tabl
es.ts[0m:[93m4[0m:[93m31
[0m
    [7m4[0m import { 
ejecutarQuery } from '../inv
entariocore/inventariocore.r
epo';
    [7m [0m [96m         
                     ~~~~~~~
~~~~~~~~~~~~~~~~~~~~~~~~~~~~
~~~~[0m
    File is included via 
import here.
  [96msrc/scripts/verify_so
ft_delete.ts[0m:[93m7[0m:
[93m8[0m
    [7m7[0m } from '../inv
entariocore/inventariocore.r
epo';
    [7m [0m [96m       ~~
~~~~~~~~~~~~~~~~~~~~~~~~~~~~
~~~~~~~~~[0m
    File is included via 
import here.
[96msrc/inventariocore/kpis
.controller.ts[0m:[93m89[
0m:[93m30[0m - 
[91merror[0m[90m TS2339: 
[0mProperty 
'asignarUsuarioTarea' does 
not exist on type 'typeof im
port("D:/inventario/backend/
src/inventariocore/Inventari
oCore.repo")'.

[7m89[0m     await Inventa
rioCoreRepo.asignarUsuarioTa
rea(
[7m  [0m [91m            
                 
~~~~~~~~~~~~~~~~~~~[0m
[96msrc/inventariocore/task
s.service.ts[0m:[93m8[0m:
[93m37[0m - 
[91merror[0m[90m TS1149: 
[0mFile name 'D:/inventario
/backend/src/inventariocore/
inventariocore.repo.ts' 
differs from already 
included file name 'D:/inven
tario/backend/src/inventario
core/InventarioCore.repo.ts'
 only in casing.
  The file is in the 
program because:
    Matched by default 
include pattern '**/*'
    Imported via 
'./inventariocore.repo' 
from file 'D:/inventario/bac
kend/src/inventariocore/Inve
ntarioCore.repo.ts'
    Imported via 
'./inventariocore.repo' 
from file 'D:/inventario/bac
kend/src/inventariocore/task
s.service.ts'
    Imported via 
'./inventariocore.repo' 
from file 'D:/inventario/bac
kend/src/inventariocore/kpis
.controller.ts'
    Imported via '../inventa
riocore/inventariocore.repo'
 from file 'D:/inventario/ba
ckend/src/scripts/debug_carn
et.ts'
    Imported via '../inventa
riocore/inventariocore.repo'
 from file 'D:/inventario/ba
ckend/src/scripts/list_table
s.ts'
    Imported via '../inventa
riocore/inventariocore.repo'
 from file 'D:/inventario/ba
ckend/src/scripts/verify_sof
t_delete.ts'
  File is CommonJS module 
because 'D:/inventario/backe
nd/package.json' does not 
have field "type"

[7m8[0m import * as 
InventarioCoreRepo from 
'./inventariocore.repo';
[7m [0m [91m             
                       
~~~~~~~~~~~~~~~~~~~~~~~[0m

  [96msrc/inventariocore/In
ventarioCore.repo.ts[0m:[9
3m1[0m:[93m15[0m
    [7m1[0m export * from 
'./inventariocore.repo';
    [7m [0m [96m         
     
~~~~~~~~~~~~~~~~~~~~~~~[0m
    File is included via 
import here.
  [96msrc/inventariocore/kp
is.controller.ts[0m:[93m14
[0m:[93m37[0m
    [7m14[0m import * as 
InventarioCoreRepo from 
'./inventariocore.repo';
    [7m  [0m [96m        
                            
~~~~~~~~~~~~~~~~~~~~~~~[0m
    File is included via 
import here.
  [96msrc/scripts/debug_car
net.ts[0m:[93m3[0m:[93m3
7[0m
    [7m3[0m import * as 
InventarioCoreRepo from '../
inventariocore/inventariocor
e.repo';
    [7m [0m [96m         
                           ~
~~~~~~~~~~~~~~~~~~~~~~~~~~~~
~~~~~~~~~~[0m
    File is included via 
import here.
  [96msrc/scripts/list_tabl
es.ts[0m:[93m4[0m:[93m31
[0m
    [7m4[0m import { 
ejecutarQuery } from '../inv
entariocore/inventariocore.r
epo';
    [7m [0m [96m         
                     ~~~~~~~
~~~~~~~~~~~~~~~~~~~~~~~~~~~~
~~~~[0m
    File is included via 
import here.
  [96msrc/scripts/verify_so
ft_delete.ts[0m:[93m7[0m:
[93m8[0m
    [7m7[0m } from '../inv
entariocore/inventariocore.r
epo';
    [7m [0m [96m       ~~
~~~~~~~~~~~~~~~~~~~~~~~~~~~~
~~~~~~~~~[0m
    File is included via 
import here.
[96msrc/inventariocore/task
s.service.ts[0m:[93m108[0
m:[93m49[0m - 
[91merror[0m[90m TS2339: 
[0mProperty 
'obtenerCheckinPorFecha' 
does not exist on type 
'typeof import("D:/inventari
o/backend/src/inventariocore
/InventarioCore.repo")'.

[7m108[0m     const 
checkinHoy = await Inventari
oCoreRepo.obtenerCheckinPorF
echa(
[7m   [0m [91m           
                            
         
~~~~~~~~~~~~~~~~~~~~~~[0m
[96msrc/inventariocore/task
s.service.ts[0m:[93m116[0
m:[93m45[0m - 
[91merror[0m[90m TS2339: 
[0mProperty 
'getTareasUsuario' does not 
exist on type 'typeof import
("D:/inventario/backend/src/
inventariocore/InventarioCor
e.repo")'.

[7m116[0m     const 
tareas = await InventarioCor
eRepo.getTareasUsuario(
[7m   [0m [91m           
                            
     ~~~~~~~~~~~~~~~~[0m
[96msrc/inventariocore/task
s.service.ts[0m:[93m129[0
m:[93m44[0m - 
[91merror[0m[90m TS2339: 
[0mProperty 
'obtenerBacklog' does not 
exist on type 'typeof import
("D:/inventario/backend/src/
inventariocore/InventarioCor
e.repo")'.

[7m129[0m     let backlog 
= await InventarioCoreRepo.o
btenerBacklog(carnet);
[7m   [0m [91m           
                            
    ~~~~~~~~~~~~~~[0m
[96msrc/inventariocore/task
s.service.ts[0m:[93m148[0
m:[93m37[0m - 
[91merror[0m[90m TS2339: 
[0mProperty 
'checkinUpsert' does not 
exist on type 'typeof import
("D:/inventario/backend/src/
inventariocore/InventarioCor
e.repo")'.

[7m148[0m     return 
await InventarioCoreRepo.che
ckinUpsert({
[7m   [0m [91m           
                         
~~~~~~~~~~~~~[0m
[96msrc/inventariocore/task
s.service.ts[0m:[93m241[0
m:[93m37[0m - 
[91merror[0m[90m TS2339: 
[0mProperty 
'getTareasUsuario' does not 
exist on type 'typeof import
("D:/inventario/backend/src/
inventariocore/InventarioCor
e.repo")'.

[7m241[0m     return 
await InventarioCoreRepo.get
TareasUsuario(
[7m   [0m [91m           
                         
~~~~~~~~~~~~~~~~[0m
[96msrc/inventariocore/task
s.service.ts[0m:[93m252[0
m:[93m37[0m - 
[91merror[0m[90m TS2339: 
[0mProperty 
'obtenerTareasHistorico' 
does not exist on type 
'typeof import("D:/inventari
o/backend/src/inventariocore
/InventarioCore.repo")'.

[7m252[0m     return 
await InventarioCoreRepo.obt
enerTareasHistorico(carnet, 
dias);
[7m   [0m [91m           
                         
~~~~~~~~~~~~~~~~~~~~~~[0m
[96msrc/inventariocore/task
s.service.ts[0m:[93m381[0
m:[93m32[0m - 
[91merror[0m[90m TS2339: 
[0mProperty 
'bloquearTarea' does not 
exist on type 'typeof import
("D:/inventario/backend/src/
inventariocore/InventarioCor
e.repo")'.

[7m381[0m       await Inve
ntarioCoreRepo.bloquearTarea
({
[7m   [0m [91m           
                    
~~~~~~~~~~~~~[0m
[96msrc/inventariocore/task
s.service.ts[0m:[93m393[0
m:[93m30[0m - 
[91merror[0m[90m TS2339: 
[0mProperty 
'eliminarTarea' does not 
exist on type 'typeof import
("D:/inventario/backend/src/
inventariocore/InventarioCor
e.repo")'.

[7m393[0m     await Invent
arioCoreRepo.eliminarTarea(i
dTarea, carnet, motivo);
[7m   [0m [91m           
                  
~~~~~~~~~~~~~[0m
[96msrc/inventariocore/task
s.service.ts[0m:[93m442[0
m:[93m44[0m - 
[91merror[0m[90m TS2339: 
[0mProperty 
'getTareasUsuario' does not 
exist on type 'typeof import
("D:/inventario/backend/src/
inventariocore/InventarioCor
e.repo")'.

[7m442[0m     const tasks 
= await InventarioCoreRepo.g
etTareasUsuario(carnetMiembr
o);
[7m   [0m [91m           
                            
    ~~~~~~~~~~~~~~~~[0m
[96msrc/inventariocore/task
s.service.ts[0m:[93m542[0
m:[93m34[0m - 
[91merror[0m[90m TS2339: 
[0mProperty 'obtenerTareasM
ultiplesUsuarios' does not 
exist on type 'typeof import
("D:/inventario/backend/src/
inventariocore/InventarioCor
e.repo")'.

[7m542[0m         await In
ventarioCoreRepo.obtenerTare
asMultiplesUsuarios(allCarne
ts);
[7m   [0m [91m           
                      ~~~~~~
~~~~~~~~~~~~~~~~~~~~~~~~[0m
[96msrc/inventariocore/task
s.service.ts[0m:[93m603[0
m:[93m36[0m - 
[91merror[0m[90m TS2339: 
[0mProperty 
'asignarUsuarioTarea' does 
not exist on type 'typeof im
port("D:/inventario/backend/
src/inventariocore/Inventari
oCore.repo")'.

[7m603[0m           await 
InventarioCoreRepo.asignarUs
uarioTarea(
[7m   [0m [91m           
                        
~~~~~~~~~~~~~~~~~~~[0m
[96msrc/inventariocore/task
s.service.ts[0m:[93m620[0
m:[93m34[0m - 
[91merror[0m[90m TS2339: 
[0mProperty 
'reasignarResponsable' does 
not exist on type 'typeof im
port("D:/inventario/backend/
src/inventariocore/Inventari
oCore.repo")'.

[7m620[0m         await In
ventarioCoreRepo.reasignarRe
sponsable(idTarea, 
idUsuarioOtro);
[7m   [0m [91m           
                      
~~~~~~~~~~~~~~~~~~~~[0m
[96msrc/inventariocore/task
s.service.ts[0m:[93m730[0
m:[93m32[0m - 
[91merror[0m[90m TS2339: 
[0mProperty 
'obtenerTareasPorProyecto' 
does not exist on type 
'typeof import("D:/inventari
o/backend/src/inventariocore
/InventarioCore.repo")'.

[7m730[0m       await Inve
ntarioCoreRepo.obtenerTareas
PorProyecto(idOriginal);
[7m   [0m [91m           
                    
~~~~~~~~~~~~~~~~~~~~~~~~[0m
[96msrc/inventariocore/task
s.service.ts[0m:[93m815[0
m:[93m37[0m - 
[91merror[0m[90m TS2339: 
[0mProperty 
'obtenerTareasPorProyecto' 
does not exist on type 
'typeof import("D:/inventari
o/backend/src/inventariocore
/InventarioCore.repo")'.

[7m815[0m     return 
await InventarioCoreRepo.obt
enerTareasPorProyecto(idProy
ecto);
[7m   [0m [91m           
                         
~~~~~~~~~~~~~~~~~~~~~~~~[0m
[96msrc/inventariocore/task
s.service.ts[0m:[93m829[0
m:[93m39[0m - 
[91merror[0m[90m TS2339: 
[0mProperty 
'ejecutarQuery' does not 
exist on type 'typeof import
("D:/inventario/backend/src/
inventariocore/InventarioCor
e.repo")'.

[7m829[0m       return 
await InventarioCoreRepo.eje
cutarQuery(
[7m   [0m [91m           
                           
~~~~~~~~~~~~~[0m
[96msrc/inventariocore/task
s.service.ts[0m:[93m850[0
m:[93m37[0m - 
[91merror[0m[90m TS2339: 
[0mProperty 
'ejecutarQuery' does not 
exist on type 'typeof import
("D:/inventario/backend/src/
inventariocore/InventarioCor
e.repo")'.

[7m850[0m     return 
await InventarioCoreRepo.eje
cutarQuery(
[7m   [0m [91m           
                         
~~~~~~~~~~~~~[0m
[96msrc/inventariocore/task
s.service.ts[0m:[93m870[0
m:[93m39[0m - 
[91merror[0m[90m TS2339: 
[0mProperty 
'obtenerKpisDashboard' does 
not exist on type 'typeof im
port("D:/inventario/backend/
src/inventariocore/Inventari
oCore.repo")'.

[7m870[0m       return 
await InventarioCoreRepo.obt
enerKpisDashboard(carnet);
[7m   [0m [91m           
                           
~~~~~~~~~~~~~~~~~~~~[0m
[96msrc/inventariocore/task
s.service.ts[0m:[93m897[0
m:[93m39[0m - 
[91merror[0m[90m TS2339: 
[0mProperty 
'obtenerEquipoHoy' does not 
exist on type 'typeof import
("D:/inventario/backend/src/
inventariocore/InventarioCor
e.repo")'.

[7m897[0m       return 
await InventarioCoreRepo.obt
enerEquipoHoy(visibleMembers
, fecha);
[7m   [0m [91m           
                           
~~~~~~~~~~~~~~~~[0m
[96msrc/inventariocore/task
s.service.ts[0m:[93m915[0
m:[93m39[0m - 
[91merror[0m[90m TS2339: 
[0mProperty 
'obtenerEquipoInforme' does 
not exist on type 'typeof im
port("D:/inventario/backend/
src/inventariocore/Inventari
oCore.repo")'.

[7m915[0m       return 
await InventarioCoreRepo.obt
enerEquipoInforme(
[7m   [0m [91m           
                           
~~~~~~~~~~~~~~~~~~~~[0m
[96msrc/inventariocore/task
s.service.ts[0m:[93m952[0
m:[93m39[0m - 
[91merror[0m[90m TS2339: 
[0mProperty 
'ejecutarQuery' does not 
exist on type 'typeof import
("D:/inventario/backend/src/
inventariocore/InventarioCor
e.repo")'.

[7m952[0m       return 
await InventarioCoreRepo.eje
cutarQuery(`
[7m   [0m [91m           
                           
~~~~~~~~~~~~~[0m
[96msrc/inventariocore/task
s.service.ts[0m:[93m978[0
m:[93m37[0m - 
[91merror[0m[90m TS2339: 
[0mProperty 
'bloquearTarea' does not 
exist on type 'typeof import
("D:/inventario/backend/src/
inventariocore/InventarioCor
e.repo")'.

[7m978[0m     return 
await InventarioCoreRepo.blo
quearTarea(dto);
[7m   [0m [91m           
                         
~~~~~~~~~~~~~[0m
[96msrc/inventariocore/task
s.service.ts[0m:[93m982[0
m:[93m30[0m - 
[91merror[0m[90m TS2339: 
[0mProperty 
'resolverBloqueo' does not 
exist on type 'typeof import
("D:/inventario/backend/src/
inventariocore/InventarioCor
e.repo")'.

[7m982[0m     await Invent
arioCoreRepo.resolverBloqueo
(
[7m   [0m [91m           
                  
~~~~~~~~~~~~~~~[0m
[96msrc/inventariocore/task
s.service.ts[0m:[93m994[0
m:[93m44[0m - 
[91merror[0m[90m TS2339: 
[0mProperty 
'obtenerNotasUsuario' does 
not exist on type 'typeof im
port("D:/inventario/backend/
src/inventariocore/Inventari
oCore.repo")'.

[7m994[0m     const notas 
= await InventarioCoreRepo.o
btenerNotasUsuario(carnet);
[7m   [0m [91m           
                            
    ~~~~~~~~~~~~~~~~~~~[0m
[96msrc/inventariocore/task
s.service.ts[0m:[93m1007[
0m:[93m30[0m - 
[91merror[0m[90m TS2339: 
[0mProperty 'crearNota' 
does not exist on type 
'typeof import("D:/inventari
o/backend/src/inventariocore
/InventarioCore.repo")'.

[7m1007[0m     await Inven
tarioCoreRepo.crearNota({
[7m    [0m [91m          
                   
~~~~~~~~~[0m
[96msrc/inventariocore/task
s.service.ts[0m:[93m1016[
0m:[93m30[0m - 
[91merror[0m[90m TS2339: 
[0mProperty 
'actualizarNota' does not 
exist on type 'typeof import
("D:/inventario/backend/src/
inventariocore/InventarioCor
e.repo")'.

[7m1016[0m     await Inven
tarioCoreRepo.actualizarNota
(idNota, { titulo: title, 
content });
[7m    [0m [91m          
                   
~~~~~~~~~~~~~~[0m
[96msrc/inventariocore/task
s.service.ts[0m:[93m1021[
0m:[93m30[0m - 
[91merror[0m[90m TS2339: 
[0mProperty 'eliminarNota' 
does not exist on type 
'typeof import("D:/inventari
o/backend/src/inventariocore
/InventarioCore.repo")'.

[7m1021[0m     await Inven
tarioCoreRepo.eliminarNota(i
dNota);
[7m    [0m [91m          
                   
~~~~~~~~~~~~[0m
[96msrc/scripts/debug_carne
t.ts[0m:[93m3[0m:[93m37
[0m - [91merror[0m[90m 
TS1149: [0mFile name 'D:/in
ventario/backend/src/inventa
riocore/inventariocore.repo.
ts' differs from already 
included file name 'D:/inven
tario/backend/src/inventario
core/InventarioCore.repo.ts'
 only in casing.
  The file is in the 
program because:
    Matched by default 
include pattern '**/*'
    Imported via 
'./inventariocore.repo' 
from file 'D:/inventario/bac
kend/src/inventariocore/Inve
ntarioCore.repo.ts'
    Imported via 
'./inventariocore.repo' 
from file 'D:/inventario/bac
kend/src/inventariocore/task
s.service.ts'
    Imported via 
'./inventariocore.repo' 
from file 'D:/inventario/bac
kend/src/inventariocore/kpis
.controller.ts'
    Imported via '../inventa
riocore/inventariocore.repo'
 from file 'D:/inventario/ba
ckend/src/scripts/debug_carn
et.ts'
    Imported via '../inventa
riocore/inventariocore.repo'
 from file 'D:/inventario/ba
ckend/src/scripts/list_table
s.ts'
    Imported via '../inventa
riocore/inventariocore.repo'
 from file 'D:/inventario/ba
ckend/src/scripts/verify_sof
t_delete.ts'
  File is CommonJS module 
because 'D:/inventario/backe
nd/package.json' does not 
have field "type"

[7m3[0m import * as 
InventarioCoreRepo from '../
inventariocore/inventariocor
e.repo';
[7m [0m [91m             
                       ~~~~~
~~~~~~~~~~~~~~~~~~~~~~~~~~~~
~~~~~~[0m

  [96msrc/inventariocore/In
ventarioCore.repo.ts[0m:[9
3m1[0m:[93m15[0m
    [7m1[0m export * from 
'./inventariocore.repo';
    [7m [0m [96m         
     
~~~~~~~~~~~~~~~~~~~~~~~[0m
    File is included via 
import here.
  [96msrc/inventariocore/ta
sks.service.ts[0m:[93m8[0
m:[93m37[0m
    [7m8[0m import * as 
InventarioCoreRepo from 
'./inventariocore.repo';
    [7m [0m [96m         
                           
~~~~~~~~~~~~~~~~~~~~~~~[0m
    File is included via 
import here.
  [96msrc/inventariocore/kp
is.controller.ts[0m:[93m14
[0m:[93m37[0m
    [7m14[0m import * as 
InventarioCoreRepo from 
'./inventariocore.repo';
    [7m  [0m [96m        
                            
~~~~~~~~~~~~~~~~~~~~~~~[0m
    File is included via 
import here.
Found 38 error(s).
  [96msrc/scripts/list_tabl
es.ts[0m:[93m4[0m:[93m31
[0m
    [7m4[0m import { 
ejecutarQuery } from '../inv
entariocore/inventariocore.r
epo';
    [7m [0m [96m         
                     ~~~~~~~
~~~~~~~~~~~~~~~~~~~~~~~~~~~~
~~~~[0m
    File is included via 
import here.
  [96msrc/scripts/verify_so
ft_delete.ts[0m:[93m7[0m:
[93m8[0m

    [7m7[0m } from '../inv
entariocore/inventariocore.r
epo';
    [7m [0m [96m       ~~
~~~~~~~~~~~~~~~~~~~~~~~~~~~~
~~~~~~~~~[0m
    File is included via 
import here.
[96msrc/scripts/debug_carne
t.ts[0m:[93m27[0m:[93m45
[0m - [91merror[0m[90m 
TS2339: [0mProperty 'obtene
rTareasMultiplesUsuarios' 
does not exist on type 
'typeof import("D:/inventari
o/backend/src/inventariocore
/InventarioCore.repo")'.

[7m27[0m     const tareas 
= await InventarioCoreRepo.o
btenerTareasMultiplesUsuario
s([
[7m  [0m [91m            
                            
    ~~~~~~~~~~~~~~~~~~~~~~~~
~~~~~~[0m
[96msrc/scripts/debug_carne
t.ts[0m:[93m76[0m:[93m50
[0m - [91merror[0m[90m 
TS2339: [0mProperty 
'obtenerEquipoHoy' does not 
exist on type 'typeof import
("D:/inventario/backend/src/
inventariocore/InventarioCor
e.repo")'.

[7m76[0m       const 
equipoHoy = await Inventario
CoreRepo.obtenerEquipoHoy(
[7m  [0m [91m            
                            
         
~~~~~~~~~~~~~~~~[0m
[96msrc/scripts/list_tables
.ts[0m:[93m4[0m:[93m10[
0m - [91merror[0m[90m 
TS2305: [0mModule '"../inve
ntariocore/inventariocore.re
po"' has no exported member 
'ejecutarQuery'.

[7m4[0m import { 
ejecutarQuery } from '../inv
entariocore/inventariocore.r
epo';
[7m [0m [91m         
~~~~~~~~~~~~~[0m
[96msrc/scripts/list_tables
.ts[0m:[93m4[0m:[93m31[
0m - [91merror[0m[90m 
TS1149: [0mFile name 'D:/in
ventario/backend/src/inventa
riocore/inventariocore.repo.
ts' differs from already 
included file name 'D:/inven
tario/backend/src/inventario
core/InventarioCore.repo.ts'
 only in casing.
  The file is in the 
program because:
    Matched by default 
include pattern '**/*'
    Imported via 
'./inventariocore.repo' 
from file 'D:/inventario/bac
kend/src/inventariocore/Inve
ntarioCore.repo.ts'
    Imported via 
'./inventariocore.repo' 
from file 'D:/inventario/bac
kend/src/inventariocore/task
s.service.ts'
    Imported via 
'./inventariocore.repo' 
from file 'D:/inventario/bac
kend/src/inventariocore/kpis
.controller.ts'
    Imported via '../inventa
riocore/inventariocore.repo'
 from file 'D:/inventario/ba
ckend/src/scripts/debug_carn
et.ts'
    Imported via '../inventa
riocore/inventariocore.repo'
 from file 'D:/inventario/ba
ckend/src/scripts/list_table
s.ts'
    Imported via '../inventa
riocore/inventariocore.repo'
 from file 'D:/inventario/ba
ckend/src/scripts/verify_sof
t_delete.ts'
  File is CommonJS module 
because 'D:/inventario/backe
nd/package.json' does not 
have field "type"

[7m4[0m import { 
ejecutarQuery } from '../inv
entariocore/inventariocore.r
epo';
[7m [0m [91m             
                 ~~~~~~~~~~~
~~~~~~~~~~~~~~~~~~~~~~~~~~~~
[0m

  [96msrc/inventariocore/In
ventarioCore.repo.ts[0m:[9
3m1[0m:[93m15[0m
    [7m1[0m export * from 
'./inventariocore.repo';
    [7m [0m [96m         
     
~~~~~~~~~~~~~~~~~~~~~~~[0m
    File is included via 
import here.
  [96msrc/inventariocore/ta
sks.service.ts[0m:[93m8[0
m:[93m37[0m
    [7m8[0m import * as 
InventarioCoreRepo from 
'./inventariocore.repo';
    [7m [0m [96m         
                           
~~~~~~~~~~~~~~~~~~~~~~~[0m
    File is included via 
import here.
  [96msrc/inventariocore/kp
is.controller.ts[0m:[93m14
[0m:[93m37[0m
    [7m14[0m import * as 
InventarioCoreRepo from 
'./inventariocore.repo';
    [7m  [0m [96m        
                            
~~~~~~~~~~~~~~~~~~~~~~~[0m
    File is included via 
import here.
  [96msrc/scripts/debug_car
net.ts[0m:[93m3[0m:[93m3
7[0m
    [7m3[0m import * as 
InventarioCoreRepo from '../
inventariocore/inventariocor
e.repo';
    [7m [0m [96m         
                           ~
~~~~~~~~~~~~~~~~~~~~~~~~~~~~
~~~~~~~~~~[0m
    File is included via 
import here.
  [96msrc/scripts/verify_so
ft_delete.ts[0m:[93m7[0m:
[93m8[0m
    [7m7[0m } from '../inv
entariocore/inventariocore.r
epo';
    [7m [0m [96m       ~~
~~~~~~~~~~~~~~~~~~~~~~~~~~~~
~~~~~~~~~[0m
    File is included via 
import here.
[96msrc/scripts/verify_soft
_delete.ts[0m:[93m5[0m:[
93m3[0m - 
[91merror[0m[90m TS2305: 
[0mModule '"../inventarioco
re/inventariocore.repo"' 
has no exported member 
'ejecutarQuery'.

[7m5[0m   ejecutarQuery,
[7m [0m [91m  
~~~~~~~~~~~~~[0m
[96msrc/scripts/verify_soft
_delete.ts[0m:[93m6[0m:[
93m3[0m - 
[91merror[0m[90m TS2305: 
[0mModule '"../inventarioco
re/inventariocore.repo"' 
has no exported member 
'eliminarTarea'.

[7m6[0m   eliminarTarea,
[7m [0m [91m  
~~~~~~~~~~~~~[0m
[96msrc/scripts/verify_soft
_delete.ts[0m:[93m7[0m:[
93m8[0m - 
[91merror[0m[90m TS1149: 
[0mFile name 'D:/inventario
/backend/src/inventariocore/
inventariocore.repo.ts' 
differs from already 
included file name 'D:/inven
tario/backend/src/inventario
core/InventarioCore.repo.ts'
 only in casing.
  The file is in the 
program because:
    Matched by default 
include pattern '**/*'
    Imported via 
'./inventariocore.repo' 
from file 'D:/inventario/bac
kend/src/inventariocore/Inve
ntarioCore.repo.ts'
    Imported via 
'./inventariocore.repo' 
from file 'D:/inventario/bac
kend/src/inventariocore/task
s.service.ts'
    Imported via 
'./inventariocore.repo' 
from file 'D:/inventario/bac
kend/src/inventariocore/kpis
.controller.ts'
    Imported via '../inventa
riocore/inventariocore.repo'
 from file 'D:/inventario/ba
ckend/src/scripts/debug_carn
et.ts'
    Imported via '../inventa
riocore/inventariocore.repo'
 from file 'D:/inventario/ba
ckend/src/scripts/list_table
s.ts'
    Imported via '../inventa
riocore/inventariocore.repo'
 from file 'D:/inventario/ba
ckend/src/scripts/verify_sof
t_delete.ts'
  File is CommonJS module 
because 'D:/inventario/backe
nd/package.json' does not 
have field "type"

[7m7[0m } from '../inventa
riocore/inventariocore.repo'
;
[7m [0m [91m       ~~~~~~
~~~~~~~~~~~~~~~~~~~~~~~~~~~~
~~~~~[0m

  [96msrc/inventariocore/In
ventarioCore.repo.ts[0m:[9
3m1[0m:[93m15[0m
    [7m1[0m export * from 
'./inventariocore.repo';
    [7m [0m [96m         
     
~~~~~~~~~~~~~~~~~~~~~~~[0m
    File is included via 
import here.
  [96msrc/inventariocore/ta
sks.service.ts[0m:[93m8[0
m:[93m37[0m
    [7m8[0m import * as 
InventarioCoreRepo from 
'./inventariocore.repo';
    [7m [0m [96m         
                           
~~~~~~~~~~~~~~~~~~~~~~~[0m
    File is included via 
import here.
  [96msrc/inventariocore/kp
is.controller.ts[0m:[93m14
[0m:[93m37[0m
    [7m14[0m import * as 
InventarioCoreRepo from 
'./inventariocore.repo';
    [7m  [0m [96m        
                            
~~~~~~~~~~~~~~~~~~~~~~~[0m
    File is included via 
import here.
  [96msrc/scripts/debug_car
net.ts[0m:[93m3[0m:[93m3
7[0m
    [7m3[0m import * as 
InventarioCoreRepo from '../
inventariocore/inventariocor
e.repo';
    [7m [0m [96m         
                           ~
~~~~~~~~~~~~~~~~~~~~~~~~~~~~
~~~~~~~~~~[0m
    File is included via 
import here.
  [96msrc/scripts/list_tabl
es.ts[0m:[93m4[0m:[93m31
[0m
    [7m4[0m import { 
ejecutarQuery } from '../inv
entariocore/inventariocore.r
epo';
    [7m [0m [96m         
                     ~~~~~~~
~~~~~~~~~~~~~~~~~~~~~~~~~~~~
~~~~[0m
    File is included via 
import here.

